
> frontend@0.1.0 build
> next build

Γû▓ Next.js 16.1.6 (Turbopack)

node.exe : ΓÜá The "middleware" file convention is 
deprecated. Please use "proxy" instead. Learn more: 
https://nextjs.org/docs/messages/middleware-to-proxy
At line:1 char:1
+ & "C:\Program Files\nodejs/node.exe" 
"C:\Users\Admin\AppData\Roaming\ ...
+ ~~~~~~~~~~~~~~~~~~~~~~~~~~~~~~~~~~~~~~~~~~~~~~~~~~~
~~~~~~~~~~~~~~~~~~
    + CategoryInfo          : NotSpecified: (ΓÜá The 
    "middle...leware-to-proxy:String) [], RemoteExc  
  eption
    + FullyQualifiedErrorId : NativeCommandError
 
  Creating an optimized production build ...

> Build error occurred
Error: Turbopack build failed with 3 errors:
./src/app/[locale]/layout.tsx:5:1
Module not found: Can't resolve './globals.css'
[0m [90m 3 |[39m [36mimport[39m { 
[33mNavbar[39m } [36mfrom[39m 
[32m"@/components/layout/Navbar"[39m[33m;[39m
 [90m 4 |[39m [36mimport[39m { 
[33mLanguageProvider[39m } [36mfrom[39m 
[32m"@/contexts/LanguageContext"[39m[33m;[39m
[31m[1m>[22m[39m[90m 5 |[39m [36mimport[39m 
[32m"./globals.css"[39m[33m;[39m
 [90m   |[39m [31m[1m^[22m[39m[31m[1m^[22m[
39m[31m[1m^[22m[39m[31m[1m^[22m[39m[31m[1m^
[22m[39m[31m[1m^[22m[39m[31m[1m^[22m[39m[3
1m[1m^[22m[39m[31m[1m^[22m[39m[31m[1m^[22m
[39m[31m[1m^[22m[39m[31m[1m^[22m[39m[31m[1m
^[22m[39m[31m[1m^[22m[39m[31m[1m^[22m[39m[
31m[1m^[22m[39m[31m[1m^[22m[39m[31m[1m^[22m
[39m[31m[1m^[22m[39m[31m[1m^[22m[39m[31m[1
m^[22m[39m[31m[1m^[22m[39m[31m[1m^[22m[39m
 [90m 6 |[39m
 [90m 7 |[39m [36mconst[39m geistSans 
[33m=[39m [33mGeist[39m({
 [90m 8 |[39m   variable[33m:[39m 
[32m"--font-geist-sans"[39m[33m,[39m[0m



https://nextjs.org/docs/messages/module-not-found


./src/app/[locale]/layout.tsx:4:1
Module not found: Can't resolve 
'@/contexts/LanguageContext'
[0m [90m 2 |[39m [36mimport[39m { 
[33mGeist[39m[33m,[39m [33mGeist_Mono[39m } 
[36mfrom[39m 
[32m"next/font/google"[39m[33m;[39m
 [90m 3 |[39m [36mimport[39m { [33mNavbar[39m 
} [36mfrom[39m 
[32m"@/components/layout/Navbar"[39m[33m;[39m
[31m[1m>[22m[39m[90m 4 |[39m [36mimport[39m 
{ [33mLanguageProvider[39m } [36mfrom[39m 
[32m"@/contexts/LanguageContext"[39m[33m;[39m
 [90m   |[39m [31m[1m^[22m[39m[31m[1m^[22m[
39m[31m[1m^[22m[39m[31m[1m^[22m[39m[31m[1m^
[22m[39m[31m[1m^[22m[39m[31m[1m^[22m[39m[3
1m[1m^[22m[39m[31m[1m^[22m[39m[31m[1m^[22m
[39m[31m[1m^[22m[39m[31m[1m^[22m[39m[31m[1m
^[22m[39m[31m[1m^[22m[39m[31m[1m^[22m[39m[
31m[1m^[22m[39m[31m[1m^[22m[39m[31m[1m^[22m
[39m[31m[1m^[22m[39m[31m[1m^[22m[39m[31m[1
m^[22m[39m[31m[1m^[22m[39m[31m[1m^[22m[39m
[31m[1m^[22m[39m[31m[1m^[22m[39m[31m[1m^[22
m[39m[31m[1m^[22m[39m[31m[1m^[22m[39m[31m[
1m^[22m[39m[31m[1m^[22m[39m[31m[1m^[22m[39m
[31m[1m^[22m[39m[31m[1m^[22m[39m[31m[1m^[2
2m[39m[31m[1m^[22m[39m[31m[1m^[22m[39m[31m
[1m^[22m[39m[31m[1m^[22m[39m[31m[1m^[22m[39
m[31m[1m^[22m[39m[31m[1m^[22m[39m[31m[1m^[
22m[39m[31m[1m^[22m[39m[31m[1m^[22m[39m[31m
[1m^[22m[39m[31m[1m^[22m[39m[31m[1m^[22m[3
9m[31m[1m^[22m[39m[31m[1m^[22m[39m[31m[1m^
[22m[39m[31m[1m^[22m[39m[31m[1m^[22m[39m[31
m[1m^[22m[39m[31m[1m^[22m[39m[31m[1m^[22m[
39m[31m[1m^[22m[39m[31m[1m^[22m[39m[31m[1m^
[22m[39m[31m[1m^[22m[39m[31m[1m^[22m[39m[3
1m[1m^[22m[39m[31m[1m^[22m[39m
 [90m 5 |[39m [36mimport[39m 
[32m"./globals.css"[39m[33m;[39m
 [90m 6 |[39m
 [90m 7 |[39m [36mconst[39m geistSans 
[33m=[39m [33mGeist[39m({[0m

Import map: aliased to relative 
'./src/contexts/LanguageContext' inside of [project]/


https://nextjs.org/docs/messages/module-not-found


./src/app/[locale]/page.tsx:5:1
Module not found: Can't resolve 
'@/contexts/LanguageContext'
[0m [90m 3 |[39m [36mimport[39m { 
[33mHeroBoard[39m } [36mfrom[39m 
[32m'@/components/hero/HeroBoard'[39m[33m;[39m
 [90m 4 |[39m [36mimport[39m { [33mButton[39m 
} [36mfrom[39m 
[32m'@/components/ui/Button'[39m[33m;[39m
[31m[1m>[22m[39m[90m 5 |[39m [36mimport[39m 
{ useLanguage } [36mfrom[39m 
[32m'@/contexts/LanguageContext'[39m[33m;[39m
 [90m   |[39m [31m[1m^[22m[39m[31m[1m^[22m[
39m[31m[1m^[22m[39m[31m[1m^[22m[39m[31m[1m^
[22m[39m[31m[1m^[22m[39m[31m[1m^[22m[39m[3
1m[1m^[22m[39m[31m[1m^[22m[39m[31m[1m^[22m
[39m[31m[1m^[22m[39m[31m[1m^[22m[39m[31m[1m
^[22m[39m[31m[1m^[22m[39m[31m[1m^[22m[39m[
31m[1m^[22m[39m[31m[1m^[22m[39m[31m[1m^[22m
[39m[31m[1m^[22m[39m[31m[1m^[22m[39m[31m[1
m^[22m[39m[31m[1m^[22m[39m[31m[1m^[22m[39m
[31m[1m^[22m[39m[31m[1m^[22m[39m[31m[1m^[22
m[39m[31m[1m^[22m[39m[31m[1m^[22m[39m[31m[
1m^[22m[39m[31m[1m^[22m[39m[31m[1m^[22m[39m
[31m[1m^[22m[39m[31m[1m^[22m[39m[31m[1m^[2
2m[39m[31m[1m^[22m[39m[31m[1m^[22m[39m[31m
[1m^[22m[39m[31m[1m^[22m[39m[31m[1m^[22m[39
m[31m[1m^[22m[39m[31m[1m^[22m[39m[31m[1m^[
22m[39m[31m[1m^[22m[39m[31m[1m^[22m[39m[31m
[1m^[22m[39m[31m[1m^[22m[39m[31m[1m^[22m[3
9m[31m[1m^[22m[39m[31m[1m^[22m[39m[31m[1m^
[22m[39m[31m[1m^[22m[39m[31m[1m^[22m[39m[31
m[1m^[22m[39m[31m[1m^[22m[39m[31m[1m^[22m[
39m[31m[1m^[22m[39m[31m[1m^[22m[39m
 [90m 6 |[39m
 [90m 7 |[39m [36mexport[39m [36mdefault[39m 
[36mfunction[39m [33mHome[39m() {
 [90m 8 |[39m   [36mconst[39m { dict } 
[33m=[39m useLanguage()[33m;[39m[0m

Import map: aliased to relative 
'./src/contexts/LanguageContext' inside of [project]/


https://nextjs.org/docs/messages/module-not-found


    at <unknown> (./src/app/[locale]/layout.tsx:5:1)
    at <unknown> 
(https://nextjs.org/docs/messages/module-not-found)
    at <unknown> (./src/app/[locale]/layout.tsx:4:1)
    at <unknown> 
(https://nextjs.org/docs/messages/module-not-found)
    at <unknown> (./src/app/[locale]/page.tsx:5:1)
    at <unknown> 
(https://nextjs.org/docs/messages/module-not-found)
