src/application/use-cases/make-move.use-case.spec.ts(96,7): error TS2554: Expected 5 arguments, but got 6.
src/application/use-cases/tournament/report-tournament-result.use-case.ts(109,31): error TS2552: Cannot find name 'MatchResult'. Did you mean 'XPathResult'?
