node.exe : [0m[7m[1m[31m FAIL [39m[22m[27m[0m [2m
src/application/use-cases/[22m[1mjoin-queue.use-case.spe
c.ts[22m
At C:\Users\Admin\AppData\Roaming\npm\pnpm.ps1:24 char:5
+     & "node$exe"  
"$basedir/node_modules/pnpm/bin/pnpm.cjs" $args
+     ~~~~~~~~~~~~~~~~~~~~~~~~~~~~~~~~~~~~~~~~~~~~~~~~~~~~
~~~~~~~~~
    + CategoryInfo          : NotSpecified: 
([0m[7m[1m[3    ...se.spec.ts[22m:String) [], 
RemoteException
    + FullyQualifiedErrorId : NativeCommandError
 
  [1mΓùÅ [22mTest suite failed to run

    Cannot find module './templates/support-notification' 
from 'src/infrastructure/email/email.service.ts'

    Require stack:
      src/infrastructure/email/email.service.ts
      src/application/services/tournament-notification.ser
vice.ts
      src/application/use-cases/tournament/start-tournamen
t.use-case.ts
      src/application/use-cases/tournament/report-tourname
nt-result.use-case.ts
      src/application/use-cases/make-move.use-case.ts
      src/infrastructure/messaging/games.gateway.ts
      src/application/use-cases/join-queue.use-case.ts
      
src/application/use-cases/join-queue.use-case.spec.ts


    However, Jest was able to find:
    	'templates/support-notification.tsx'

    You might want to include a file extension in your 
import, or update your 'moduleFileExtensions', which is 
currently ['ts', 'js', 'json'].

    See https://jestjs.io/docs/configuration#modulefileext
ensions-arraystring

    [0m [90m 3 |[39m [36mimport[39m { 
[33mResend[39m } [36mfrom[39m 
[32m'resend'[39m[33m;[39m
     [90m 4 |[39m [36mimport[39m { render } 
[36mfrom[39m [32m'@react-email/render'[39m[33m;[39m
    [31m[1m>[22m[39m[90m 5 |[39m [36mimport[39m { 
[33mSupportNotification[39m } [36mfrom[39m 
[32m'./templates/support-notification'[39m[33m;[39m
     [90m   |[39m [31m[1m^[22m[39m
     [90m 6 |[39m [36mimport[39m { 
[33mUserConfirmation[39m } [36mfrom[39m 
[32m'./templates/user-confirmation'[39m[33m;[39m
     [90m 7 |[39m [36mimport[39m { 
[33mTournamentRegistered[39m } [36mfrom[39m 
[32m'./templates/tournament-registered'[39m[33m;[39m
     [90m 8 |[39m [36mimport[39m { 
[33mTournamentStarted[39m } [36mfrom[39m 
[32m'./templates/tournament-started'[39m[33m;[39m[0m

      [2mat Resolver._throwModNotFoundError ([22m../node
_modules/.pnpm/jest-resolve@29.7.0/node_modules/jest-resol
ve/build/resolver.js[2m:427:11)[22m
      [2mat Object.<anonymous> ([22msrc/infrastructure/e
mail/email.service.ts[2m:5:1)[22m
      [2mat Object.<anonymous> ([22msrc/application/serv
ices/tournament-notification.service.ts[2m:4:1)[22m
      [2mat Object.<anonymous> ([22msrc/application/use-
cases/tournament/start-tournament.use-case.ts[2m:14:1)[2
2m
      [2mat Object.<anonymous> ([22msrc/application/use-
cases/tournament/report-tournament-result.use-case.ts[2m:
10:1)[22m
      [2mat Object.<anonymous> ([22msrc/application/use-
cases/make-move.use-case.ts[2m:22:1)[22m
      [2mat Object.<anonymous> ([22msrc/infrastructure/m
essaging/games.gateway.ts[2m:18:1)[22m
      [2mat Object.<anonymous> ([22msrc/application/use-
cases/join-queue.use-case.ts[2m:8:1)[22m
      [2mat Object.<anonymous> ([22m[0m[36msrc/applica
tion/use-cases/join-queue.use-case.spec.ts[39m[0m[2m:1:
1)[22m

[1mTest Suites: [22m[1m[31m1 failed[39m[22m, 1 total
[1mTests:       [22m0 total
[1mSnapshots:   [22m0 total
[1mTime:[22m        2.666 s
[2mRan all test suites[22m[2m matching [22m/src\\appli
cation\\use-cases\\join-queue.use-case.spec.ts/i[2m.[22m
